// Jest Snapshot v1, https://goo.gl/fbAQLP

exports[`unit array<integer> 1`] = `
Array [
  Array [],
  Array [
    -18,
  ],
  Array [],
  Array [
    56,
    9,
    -50,
    43,
    38,
    22,
    -44,
    47,
    -96,
    64,
  ],
  Array [
    -22,
    -70,
    -68,
    -15,
    -9,
  ],
  Array [
    -8,
    77,
    93,
  ],
  Array [
    70,
    -58,
    -7,
    93,
    -15,
    -20,
    -93,
    48,
    75,
  ],
  Array [
    -68,
    -14,
    -91,
    34,
    -19,
  ],
  Array [
    -38,
    66,
  ],
  Array [
    -55,
    48,
    32,
    67,
    75,
  ],
  Array [
    -55,
    11,
    -98,
    71,
    -65,
    55,
    -50,
    -80,
  ],
  Array [
    5,
    61,
    9,
  ],
  Array [
    55,
    -97,
    98,
    -16,
  ],
  Array [
    78,
    54,
    -46,
    65,
    -7,
    86,
  ],
  Array [
    -78,
    0,
    -46,
    78,
    39,
    90,
  ],
  Array [
    27,
    14,
    49,
    -33,
    4,
    -6,
    61,
    91,
  ],
  Array [
    -14,
    17,
    -53,
    93,
  ],
  Array [
    -99,
    50,
    -69,
    -64,
    -100,
    -68,
    -79,
  ],
  Array [],
  Array [
    -50,
    0,
    -98,
  ],
]
`;

exports[`unit boolean 1`] = `
Array [
  false,
  false,
  true,
  true,
  true,
  false,
  true,
  true,
  false,
  false,
  true,
  false,
  true,
  true,
  false,
  false,
  false,
  true,
  true,
  false,
]
`;

exports[`unit flatMap 1`] = `
Array [
  true,
  false,
  false,
  false,
  false,
  true,
  false,
  false,
  false,
  false,
  false,
  false,
  false,
  false,
  true,
  true,
  false,
  false,
  false,
  false,
]
`;

exports[`unit float 1`] = `
Array [
  337341157.7788298,
  131103315.70345783,
  -337528066.4467977,
  677046229.7624793,
  564574149.1771181,
  235102469.6342833,
  981104846.5482476,
  -883028001.6414496,
  -474954005.57094246,
  735809255.6201799,
  -560800444.1412815,
  864524318.5914454,
  -278001076.74858236,
  939590432.5767307,
  -269151523.55651987,
  704159657.843962,
  621960071.0778644,
  252468888.8512342,
  -200379170.24436247,
  -885592448.4652789,
]
`;

exports[`unit sample/integer 1`] = `
Array [
  -794376712,
  615757277,
  863158776,
  112899337,
  632841605,
  267863534,
  666885069,
  164663797,
  -853860902,
  -987222598,
  -623012519,
  735329785,
  623244638,
  -603089670,
  -311720513,
  -199414594,
  37516499,
  223655267,
  -713897477,
  561311604,
]
`;

exports[`unit string 1`] = `
Array [
  "",
  ".Mõ",
  "z",
  "Àþ",
  "4",
  "î.",
  "ß",
  "0]«lý",
  "&ø",
  "äj8'ç¼ã",
  "",
  "¦Ô®¼",
  "",
  "",
  "ÿZh¤",
  "]>YF",
  "d",
  "6îµ¨ùÖ×",
  "",
  "O¼¼ºan°",
]
`;

exports[`unit weighted 1`] = `
Array [
  "©.",
  false,
  "Ùz_ÀþÃ]4ãôî.",
  "¥0]«lýº&øÀÍ",
  "'ç¼ã¶MWW¦",
  "¼",
  false,
  false,
  "UÇÿZh¤çx]>YF§dc6îµ¨ùÖ×Ò}Jß",
  false,
  "º",
  "xýÅI",
  false,
  true,
  "ìz$hP=ª2äÝ",
  "<M?XvP$",
  true,
  "±;I#ì§vqÄ·G³ )½öY\\"¡W}ô6",
  false,
  "ôF|ÿÿq±;",
]
`;
